Array
(
    [0] => Array
        (
            [line] => 43
            [file] => /usr/share/glados/commands/AnalyzeController.php
            [message] => Method param $id does not exist in parent method, @inheritdoc not possible in doJobOnce in app\commands\AnalyzeController.
        )

    [1] => Array
        (
            [line] => 56
            [file] => /usr/share/glados/commands/AnalyzeController.php
            [message] => Method param $id does not exist in parent method, @inheritdoc not possible in doJob in app\commands\AnalyzeController.
        )

    [2] => Array
        (
            [line] => 86
            [file] => /usr/share/glados/commands/AnalyzeController.php
            [message] => Method param $exam does not exist in parent method, @inheritdoc not possible in processItem in app\commands\AnalyzeController.
        )

    [3] => Array
        (
            [line] => 145
            [file] => /usr/share/glados/commands/AnalyzeController.php
            [message] => Method param $exam does not exist in parent method, @inheritdoc not possible in lockItem in app\commands\AnalyzeController.
        )

    [4] => Array
        (
            [line] => 153
            [file] => /usr/share/glados/commands/AnalyzeController.php
            [message] => Method param $exam does not exist in parent method, @inheritdoc not possible in unlockItem in app\commands\AnalyzeController.
        )

    [5] => Array
        (
            [line] => 85
            [file] => /usr/share/glados/commands/BackupController.php
            [message] => Method param $id does not exist in parent method, @inheritdoc not possible in doJobOnce in app\commands\BackupController.
        )

    [6] => Array
        (
            [line] => 98
            [file] => /usr/share/glados/commands/BackupController.php
            [message] => Method param $id does not exist in parent method, @inheritdoc not possible in doJob in app\commands\BackupController.
        )

    [7] => Array
        (
            [line] => 145
            [file] => /usr/share/glados/commands/BackupController.php
            [message] => Method param $ticket does not exist in parent method, @inheritdoc not possible in processItem in app\commands\BackupController.
        )

    [8] => Array
        (
            [line] => 487
            [file] => /usr/share/glados/commands/BackupController.php
            [message] => Method param $ticket does not exist in parent method, @inheritdoc not possible in lockItem in app\commands\BackupController.
        )

    [9] => Array
        (
            [line] => 497
            [file] => /usr/share/glados/commands/BackupController.php
            [message] => Method param $ticket does not exist in parent method, @inheritdoc not possible in unlockItem in app\commands\BackupController.
        )

    [10] => Array
        (
            [line] => 412
            [file] => /usr/share/glados/commands/DaemonController.php
            [message] => Undefined parameter documented: $args in actionRun().
        )

    [11] => Array
        (
            [line] => 435
            [file] => /usr/share/glados/commands/DaemonController.php
            [message] => Undefined parameter documented: $args in actionRunOnce().
        )

    [12] => Array
        (
            [line] => 70
            [file] => /usr/share/glados/commands/DaemonController.php
            [message] => Method $defaultAction has no parent to inherit from in app\commands\DaemonController.
        )

    [13] => Array
        (
            [line] => 168
            [file] => /usr/share/glados/commands/DaemonController.php
            [message] => Method init has no parent to inherit from in app\commands\DaemonController.
        )

    [14] => Array
        (
            [line] => 533
            [file] => /usr/share/glados/commands/DaemonController.php
            [message] => Method doJob has no parent to inherit from in app\commands\DaemonController.
        )

    [15] => Array
        (
            [line] => 70
            [file] => /usr/share/glados/commands/DaemonController.php
            [message] => Method $defaultAction has no parent to inherit from in app\commands\DaemonController.
        )

    [16] => Array
        (
            [line] => 168
            [file] => /usr/share/glados/commands/DaemonController.php
            [message] => Method init has no parent to inherit from in app\commands\DaemonController.
        )

    [17] => Array
        (
            [line] => 533
            [file] => /usr/share/glados/commands/DaemonController.php
            [message] => Method doJob has no parent to inherit from in app\commands\DaemonController.
        )

    [18] => Array
        (
            [line] => 70
            [file] => /usr/share/glados/commands/DaemonController.php
            [message] => Method $defaultAction has no parent to inherit from in app\commands\DaemonController.
        )

    [19] => Array
        (
            [line] => 168
            [file] => /usr/share/glados/commands/DaemonController.php
            [message] => Method init has no parent to inherit from in app\commands\DaemonController.
        )

    [20] => Array
        (
            [line] => 533
            [file] => /usr/share/glados/commands/DaemonController.php
            [message] => Method doJob has no parent to inherit from in app\commands\DaemonController.
        )

    [21] => Array
        (
            [line] => 70
            [file] => /usr/share/glados/commands/DaemonController.php
            [message] => Method $defaultAction has no parent to inherit from in app\commands\DaemonController.
        )

    [22] => Array
        (
            [line] => 168
            [file] => /usr/share/glados/commands/DaemonController.php
            [message] => Method init has no parent to inherit from in app\commands\DaemonController.
        )

    [23] => Array
        (
            [line] => 533
            [file] => /usr/share/glados/commands/DaemonController.php
            [message] => Method doJob has no parent to inherit from in app\commands\DaemonController.
        )

    [24] => Array
        (
            [line] => 70
            [file] => /usr/share/glados/commands/DaemonController.php
            [message] => Method $defaultAction has no parent to inherit from in app\commands\DaemonController.
        )

    [25] => Array
        (
            [line] => 168
            [file] => /usr/share/glados/commands/DaemonController.php
            [message] => Method init has no parent to inherit from in app\commands\DaemonController.
        )

    [26] => Array
        (
            [line] => 533
            [file] => /usr/share/glados/commands/DaemonController.php
            [message] => Method doJob has no parent to inherit from in app\commands\DaemonController.
        )

    [27] => Array
        (
            [line] => 70
            [file] => /usr/share/glados/commands/DaemonController.php
            [message] => Method $defaultAction has no parent to inherit from in app\commands\DaemonController.
        )

    [28] => Array
        (
            [line] => 168
            [file] => /usr/share/glados/commands/DaemonController.php
            [message] => Method init has no parent to inherit from in app\commands\DaemonController.
        )

    [29] => Array
        (
            [line] => 533
            [file] => /usr/share/glados/commands/DaemonController.php
            [message] => Method doJob has no parent to inherit from in app\commands\DaemonController.
        )

    [30] => Array
        (
            [line] => 70
            [file] => /usr/share/glados/commands/DaemonController.php
            [message] => Method $defaultAction has no parent to inherit from in app\commands\DaemonController.
        )

    [31] => Array
        (
            [line] => 168
            [file] => /usr/share/glados/commands/DaemonController.php
            [message] => Method init has no parent to inherit from in app\commands\DaemonController.
        )

    [32] => Array
        (
            [line] => 533
            [file] => /usr/share/glados/commands/DaemonController.php
            [message] => Method doJob has no parent to inherit from in app\commands\DaemonController.
        )

    [33] => Array
        (
            [file] => /usr/share/glados/commands/DaemonController.php
            [message] => broken link to \app\commands\doJobOnce() in app\commands\DaemonController
        )

    [34] => Array
        (
            [line] => 38
            [file] => /usr/share/glados/commands/DbcleanController.php
            [message] => Method param $id does not exist in parent method, @inheritdoc not possible in doJobOnce in app\commands\DbcleanController.
        )

    [35] => Array
        (
            [line] => 46
            [file] => /usr/share/glados/commands/DbcleanController.php
            [message] => Method param $id does not exist in parent method, @inheritdoc not possible in doJob in app\commands\DbcleanController.
        )

    [36] => Array
        (
            [line] => 86
            [file] => /usr/share/glados/commands/DbcleanController.php
            [message] => Method param $exam does not exist in parent method, @inheritdoc not possible in lockItem in app\commands\DbcleanController.
        )

    [37] => Array
        (
            [line] => 94
            [file] => /usr/share/glados/commands/DbcleanController.php
            [message] => Method param $exam does not exist in parent method, @inheritdoc not possible in unlockItem in app\commands\DbcleanController.
        )

    [38] => Array
        (
            [line] => 51
            [file] => /usr/share/glados/commands/DownloadController.php
            [message] => Method param $id does not exist in parent method, @inheritdoc not possible in doJobOnce in app\commands\DownloadController.
        )

    [39] => Array
        (
            [line] => 64
            [file] => /usr/share/glados/commands/DownloadController.php
            [message] => Method param $id does not exist in parent method, @inheritdoc not possible in doJob in app\commands\DownloadController.
        )

    [40] => Array
        (
            [line] => 103
            [file] => /usr/share/glados/commands/DownloadController.php
            [message] => Method param $ticket does not exist in parent method, @inheritdoc not possible in processItem in app\commands\DownloadController.
        )

    [41] => Array
        (
            [line] => 350
            [file] => /usr/share/glados/commands/DownloadController.php
            [message] => Method param $ticket does not exist in parent method, @inheritdoc not possible in lockItem in app\commands\DownloadController.
        )

    [42] => Array
        (
            [line] => 360
            [file] => /usr/share/glados/commands/DownloadController.php
            [message] => Method param $ticket does not exist in parent method, @inheritdoc not possible in unlockItem in app\commands\DownloadController.
        )

    [43] => Array
        (
            [line] => 13
            [file] => /usr/share/glados/commands/RbacController.php
            [message] => Method actionInit has no parent to inherit from in app\commands\RbacController.
        )

    [44] => Array
        (
            [line] => 44
            [file] => /usr/share/glados/commands/UnlockController.php
            [message] => Method param $id does not exist in parent method, @inheritdoc not possible in doJobOnce in app\commands\UnlockController.
        )

    [45] => Array
        (
            [line] => 52
            [file] => /usr/share/glados/commands/UnlockController.php
            [message] => Method param $id does not exist in parent method, @inheritdoc not possible in doJob in app\commands\UnlockController.
        )

    [46] => Array
        (
            [line] => 123
            [file] => /usr/share/glados/commands/UnlockController.php
            [message] => Method param $exam does not exist in parent method, @inheritdoc not possible in lockItem in app\commands\UnlockController.
        )

    [47] => Array
        (
            [line] => 131
            [file] => /usr/share/glados/commands/UnlockController.php
            [message] => Method param $exam does not exist in parent method, @inheritdoc not possible in unlockItem in app\commands\UnlockController.
        )

    [48] => Array
        (
            [line] => 58
            [file] => /usr/share/glados/components/ActiveEventField.php
            [message] => Method init has no parent to inherit from in app\components\ActiveEventField.
        )

    [49] => Array
        (
            [line] => 135
            [file] => /usr/share/glados/components/ActiveEventField.php
            [message] => Method run has no parent to inherit from in app\components\ActiveEventField.
        )

    [50] => Array
        (
            [line] => 551
            [file] => /usr/share/glados/components/AuthGenericLdap.php
            [message] => Undefined parameter documented: $value in postProcessRules().
        )

    [51] => Array
        (
            [line] => 675
            [file] => /usr/share/glados/components/AuthGenericLdap.php
            [message] => Undefined parameter documented:  in processMapping().
        )

    [52] => Array
        (
            [line] => 691
            [file] => /usr/share/glados/components/AuthGenericLdap.php
            [message] => Undefined parameter documented:  in processMethod().
        )

    [53] => Array
        (
            [line] => 701
            [file] => /usr/share/glados/components/AuthGenericLdap.php
            [message] => Undefined parameter documented:  in getRealUsername().
        )

    [54] => Array
        (
            [line] => 711
            [file] => /usr/share/glados/components/AuthGenericLdap.php
            [message] => Undefined parameter documented:  in getBindUsername().
        )

    [55] => Array
        (
            [line] => 362
            [file] => /usr/share/glados/components/AuthGenericLdap.php
            [message] => Method init has no parent to inherit from in app\components\AuthGenericLdap.
        )

    [56] => Array
        (
            [line] => 362
            [file] => /usr/share/glados/components/AuthGenericLdap.php
            [message] => Method init has no parent to inherit from in app\components\AuthGenericLdap.
        )

    [57] => Array
        (
            [line] => 362
            [file] => /usr/share/glados/components/AuthGenericLdap.php
            [message] => Method init has no parent to inherit from in app\components\AuthGenericLdap.
        )

    [58] => Array
        (
            [file] => /usr/share/glados/components/AuthGenericLdap.php
            [message] => broken link to \app\components\netbiosDomain in app\components\AuthGenericLdap
        )

    [59] => Array
        (
            [file] => /usr/share/glados/components/AuthGenericLdap.php
            [message] => broken link to \app\components\netbiosDomain in app\components\AuthGenericLdap
        )

    [60] => Array
        (
            [file] => /usr/share/glados/components/AuthGenericLdap.php
            [message] => broken link to \app\components\netbiosDomain in app\components\AuthGenericLdap
        )

    [61] => Array
        (
            [file] => /usr/share/glados/components/AuthOpenLdap.php
            [message] => broken link to \app\components\netbiosDomain in app\components\AuthOpenLdap
        )

    [62] => Array
        (
            [line] => 28
            [file] => /usr/share/glados/components/Editable.php
            [message] => Method init has no parent to inherit from in app\components\Editable.
        )

    [63] => Array
        (
            [line] => 49
            [file] => /usr/share/glados/components/Editable.php
            [message] => Method run has no parent to inherit from in app\components\Editable.
        )

    [64] => Array
        (
            [line] => 16
            [file] => /usr/share/glados/components/File.php
            [message] => Method __construct has no parent to inherit from in app\components\File.
        )

    [65] => Array
        (
            [line] => 16
            [file] => /usr/share/glados/components/File.php
            [message] => Method __construct has no parent to inherit from in app\components\File.
        )

    [66] => Array
        (
            [line] => 16
            [file] => /usr/share/glados/components/File.php
            [message] => Method __construct has no parent to inherit from in app\components\File.
        )

    [67] => Array
        (
            [line] => 50
            [file] => /usr/share/glados/components/ShellCommand.php
            [message] => Method __construct has no parent to inherit from in app\components\ShellCommand.
        )

    [68] => Array
        (
            [line] => 83
            [file] => /usr/share/glados/components/ShellCommand.php
            [message] => Method init has no parent to inherit from in app\components\ShellCommand.
        )

    [69] => Array
        (
            [line] => 21
            [file] => /usr/share/glados/controllers/ConfigController.php
            [message] => Method behaviors has no parent to inherit from in app\controllers\ConfigController.
        )

    [70] => Array
        (
            [line] => 21
            [file] => /usr/share/glados/controllers/DaemonController.php
            [message] => Method behaviors has no parent to inherit from in app\controllers\DaemonController.
        )

    [71] => Array
        (
            [line] => 35
            [file] => /usr/share/glados/controllers/RestoreController.php
            [message] => Undefined parameter documented: $ticket_id in actionLog().
        )

    [72] => Array
        (
            [line] => 35
            [file] => /usr/share/glados/controllers/RestoreController.php
            [message] => Undefined parameter documented: $date in actionLog().
        )

    [73] => Array
        (
            [line] => 22
            [file] => /usr/share/glados/controllers/ScreenshotController.php
            [message] => Method behaviors has no parent to inherit from in app\controllers\ScreenshotController.
        )

    [74] => Array
        (
            [line] => 25
            [file] => /usr/share/glados/controllers/UserController.php
            [message] => Method behaviors has no parent to inherit from in app\controllers\UserController.
        )

    [75] => Array
        (
            [line] => 38
            [file] => /usr/share/glados/models/Activity.php
            [message] => Method init has no parent to inherit from in app\models\Activity.
        )

    [76] => Array
        (
            [line] => 48
            [file] => /usr/share/glados/models/Activity.php
            [message] => Method tableName has no parent to inherit from in app\models\Activity.
        )

    [77] => Array
        (
            [line] => 56
            [file] => /usr/share/glados/models/Activity.php
            [message] => Method getTranslatedFields has no parent to inherit from in app\models\Activity.
        )

    [78] => Array
        (
            [line] => 66
            [file] => /usr/share/glados/models/Activity.php
            [message] => Method joinTables has no parent to inherit from in app\models\Activity.
        )

    [79] => Array
        (
            [line] => 76
            [file] => /usr/share/glados/models/Activity.php
            [message] => Method rules has no parent to inherit from in app\models\Activity.
        )

    [80] => Array
        (
            [line] => 88
            [file] => /usr/share/glados/models/Activity.php
            [message] => Method attributeLabels has no parent to inherit from in app\models\Activity.
        )

    [81] => Array
        (
            [line] => 191
            [file] => /usr/share/glados/models/Activity.php
            [message] => Method find has no parent to inherit from in app\models\Activity.
        )

    [82] => Array
        (
            [line] => 38
            [file] => /usr/share/glados/models/Activity.php
            [message] => Method init has no parent to inherit from in app\models\Activity.
        )

    [83] => Array
        (
            [line] => 48
            [file] => /usr/share/glados/models/Activity.php
            [message] => Method tableName has no parent to inherit from in app\models\Activity.
        )

    [84] => Array
        (
            [line] => 56
            [file] => /usr/share/glados/models/Activity.php
            [message] => Method getTranslatedFields has no parent to inherit from in app\models\Activity.
        )

    [85] => Array
        (
            [line] => 66
            [file] => /usr/share/glados/models/Activity.php
            [message] => Method joinTables has no parent to inherit from in app\models\Activity.
        )

    [86] => Array
        (
            [line] => 76
            [file] => /usr/share/glados/models/Activity.php
            [message] => Method rules has no parent to inherit from in app\models\Activity.
        )

    [87] => Array
        (
            [line] => 88
            [file] => /usr/share/glados/models/Activity.php
            [message] => Method attributeLabels has no parent to inherit from in app\models\Activity.
        )

    [88] => Array
        (
            [line] => 191
            [file] => /usr/share/glados/models/Activity.php
            [message] => Method find has no parent to inherit from in app\models\Activity.
        )

    [89] => Array
        (
            [line] => 31
            [file] => /usr/share/glados/models/ActivityQuery.php
            [message] => Method all has no parent to inherit from in app\models\ActivityQuery.
        )

    [90] => Array
        (
            [line] => 40
            [file] => /usr/share/glados/models/ActivityQuery.php
            [message] => Method one has no parent to inherit from in app\models\ActivityQuery.
        )

    [91] => Array
        (
            [line] => 32
            [file] => /usr/share/glados/models/ActivitySearch.php
            [message] => Method scenarios has no parent to inherit from in app\models\ActivitySearch.
        )

    [92] => Array
        (
            [line] => 239
            [file] => /usr/share/glados/models/Auth.php
            [message] => Undefined parameter documented:  in addMigrateUser().
        )

    [93] => Array
        (
            [line] => 655
            [file] => /usr/share/glados/models/Auth.php
            [message] => Undefined parameter documented:  in findOne().
        )

    [94] => Array
        (
            [line] => 180
            [file] => /usr/share/glados/models/Auth.php
            [message] => Method scenarios has no parent to inherit from in app\models\Auth.
        )

    [95] => Array
        (
            [line] => 209
            [file] => /usr/share/glados/models/Auth.php
            [message] => Method attributeHints has no parent to inherit from in app\models\Auth.
        )

    [96] => Array
        (
            [line] => 180
            [file] => /usr/share/glados/models/Auth.php
            [message] => Method scenarios has no parent to inherit from in app\models\Auth.
        )

    [97] => Array
        (
            [line] => 209
            [file] => /usr/share/glados/models/Auth.php
            [message] => Method attributeHints has no parent to inherit from in app\models\Auth.
        )

    [98] => Array
        (
            [line] => 180
            [file] => /usr/share/glados/models/Auth.php
            [message] => Method scenarios has no parent to inherit from in app\models\Auth.
        )

    [99] => Array
        (
            [line] => 209
            [file] => /usr/share/glados/models/Auth.php
            [message] => Method attributeHints has no parent to inherit from in app\models\Auth.
        )

    [100] => Array
        (
            [line] => 180
            [file] => /usr/share/glados/models/Auth.php
            [message] => Method scenarios has no parent to inherit from in app\models\Auth.
        )

    [101] => Array
        (
            [line] => 209
            [file] => /usr/share/glados/models/Auth.php
            [message] => Method attributeHints has no parent to inherit from in app\models\Auth.
        )

    [102] => Array
        (
            [line] => 180
            [file] => /usr/share/glados/models/Auth.php
            [message] => Method scenarios has no parent to inherit from in app\models\Auth.
        )

    [103] => Array
        (
            [line] => 209
            [file] => /usr/share/glados/models/Auth.php
            [message] => Method attributeHints has no parent to inherit from in app\models\Auth.
        )

    [104] => Array
        (
            [line] => 180
            [file] => /usr/share/glados/models/Auth.php
            [message] => Method scenarios has no parent to inherit from in app\models\Auth.
        )

    [105] => Array
        (
            [line] => 209
            [file] => /usr/share/glados/models/Auth.php
            [message] => Method attributeHints has no parent to inherit from in app\models\Auth.
        )

    [106] => Array
        (
            [file] => /usr/share/glados/models/Auth.php
            [message] => broken link to \app\models\isNewRecord in app\models\Auth
        )

    [107] => Array
        (
            [file] => /usr/share/glados/models/Auth.php
            [message] => broken link to \app\models\isNewRecord in app\models\Auth
        )

    [108] => Array
        (
            [file] => /usr/share/glados/models/Auth.php
            [message] => broken link to \app\models\validate() in app\models\Auth
        )

    [109] => Array
        (
            [line] => 21
            [file] => /usr/share/glados/models/AuthAssignment.php
            [message] => Method tableName has no parent to inherit from in app\models\AuthAssignment.
        )

    [110] => Array
        (
            [line] => 29
            [file] => /usr/share/glados/models/AuthAssignment.php
            [message] => Method rules has no parent to inherit from in app\models\AuthAssignment.
        )

    [111] => Array
        (
            [line] => 42
            [file] => /usr/share/glados/models/AuthAssignment.php
            [message] => Method attributeLabels has no parent to inherit from in app\models\AuthAssignment.
        )

    [112] => Array
        (
            [file] => /usr/share/glados/models/AuthInterface.php
            [message] => broken link to \app\models\migrateUsers in app\models\AuthInterface
        )

    [113] => Array
        (
            [file] => /usr/share/glados/models/AuthInterface.php
            [message] => broken link to \app\models\migrateUsers in app\models\AuthInterface
        )

    [114] => Array
        (
            [line] => 33
            [file] => /usr/share/glados/models/AuthItem.php
            [message] => Method tableName has no parent to inherit from in app\models\AuthItem.
        )

    [115] => Array
        (
            [line] => 41
            [file] => /usr/share/glados/models/AuthItem.php
            [message] => Method rules has no parent to inherit from in app\models\AuthItem.
        )

    [116] => Array
        (
            [line] => 55
            [file] => /usr/share/glados/models/AuthItem.php
            [message] => Method attributeLabels has no parent to inherit from in app\models\AuthItem.
        )

    [117] => Array
        (
            [line] => 74
            [file] => /usr/share/glados/models/AuthMigrateForm.php
            [message] => Method attributeLabels has no parent to inherit from in app\models\AuthMigrateForm.
        )

    [118] => Array
        (
            [line] => 87
            [file] => /usr/share/glados/models/AuthMigrateForm.php
            [message] => Method attributeHints has no parent to inherit from in app\models\AuthMigrateForm.
        )

    [119] => Array
        (
            [line] => 163
            [file] => /usr/share/glados/models/AuthMigrateForm.php
            [message] => Method save has no parent to inherit from in app\models\AuthMigrateForm.
        )

    [120] => Array
        (
            [line] => 19
            [file] => /usr/share/glados/models/BackupSearch.php
            [message] => Method scenarios has no parent to inherit from in app\models\BackupSearch.
        )

    [121] => Array
        (
            [line] => 56
            [file] => /usr/share/glados/models/Base.php
            [message] => Undefined parameter documented:  in selectList().
        )

    [122] => Array
        (
            [line] => 56
            [file] => /usr/share/glados/models/Base.php
            [message] => Undefined parameter documented:  in selectList().
        )

    [123] => Array
        (
            [line] => 56
            [file] => /usr/share/glados/models/Base.php
            [message] => Undefined parameter documented:  in selectList().
        )

    [124] => Array
        (
            [line] => 56
            [file] => /usr/share/glados/models/Base.php
            [message] => Undefined parameter documented:  in selectList().
        )

    [125] => Array
        (
            [line] => 56
            [file] => /usr/share/glados/models/Base.php
            [message] => Undefined parameter documented:  in selectList().
        )

    [126] => Array
        (
            [line] => 56
            [file] => /usr/share/glados/models/Base.php
            [message] => Undefined parameter documented:  in selectList().
        )

    [127] => Array
        (
            [line] => 56
            [file] => /usr/share/glados/models/Base.php
            [message] => Undefined parameter documented:  in selectList().
        )

    [128] => Array
        (
            [line] => 32
            [file] => /usr/share/glados/models/Config.php
            [message] => Method init has no parent to inherit from in app\models\Config.
        )

    [129] => Array
        (
            [line] => 29
            [file] => /usr/share/glados/models/Daemon.php
            [message] => Method tableName has no parent to inherit from in app\models\Daemon.
        )

    [130] => Array
        (
            [line] => 37
            [file] => /usr/share/glados/models/Daemon.php
            [message] => Method rules has no parent to inherit from in app\models\Daemon.
        )

    [131] => Array
        (
            [line] => 52
            [file] => /usr/share/glados/models/Daemon.php
            [message] => Method attributeLabels has no parent to inherit from in app\models\Daemon.
        )

    [132] => Array
        (
            [line] => 68
            [file] => /usr/share/glados/models/Daemon.php
            [message] => Method init has no parent to inherit from in app\models\Daemon.
        )

    [133] => Array
        (
            [line] => 29
            [file] => /usr/share/glados/models/Daemon.php
            [message] => Method tableName has no parent to inherit from in app\models\Daemon.
        )

    [134] => Array
        (
            [line] => 37
            [file] => /usr/share/glados/models/Daemon.php
            [message] => Method rules has no parent to inherit from in app\models\Daemon.
        )

    [135] => Array
        (
            [line] => 52
            [file] => /usr/share/glados/models/Daemon.php
            [message] => Method attributeLabels has no parent to inherit from in app\models\Daemon.
        )

    [136] => Array
        (
            [line] => 68
            [file] => /usr/share/glados/models/Daemon.php
            [message] => Method init has no parent to inherit from in app\models\Daemon.
        )

    [137] => Array
        (
            [line] => 50
            [file] => /usr/share/glados/models/DaemonInterface.php
            [message] => Undefined parameter documented: $args in doJob().
        )

    [138] => Array
        (
            [line] => 57
            [file] => /usr/share/glados/models/DaemonInterface.php
            [message] => Undefined parameter documented: $args in doJobOnce().
        )

    [139] => Array
        (
            [line] => 30
            [file] => /usr/share/glados/models/DaemonSearch.php
            [message] => Method scenarios has no parent to inherit from in app\models\DaemonSearch.
        )

    [140] => Array
        (
            [line] => 47
            [file] => /usr/share/glados/models/EventItem.php
            [message] => Method tableName has no parent to inherit from in app\models\EventItem.
        )

    [141] => Array
        (
            [line] => 56
            [file] => /usr/share/glados/models/EventItem.php
            [message] => Method rules has no parent to inherit from in app\models\EventItem.
        )

    [142] => Array
        (
            [line] => 47
            [file] => /usr/share/glados/models/EventItem.php
            [message] => Method tableName has no parent to inherit from in app\models\EventItem.
        )

    [143] => Array
        (
            [line] => 56
            [file] => /usr/share/glados/models/EventItem.php
            [message] => Method rules has no parent to inherit from in app\models\EventItem.
        )

    [144] => Array
        (
            [line] => 47
            [file] => /usr/share/glados/models/EventItem.php
            [message] => Method tableName has no parent to inherit from in app\models\EventItem.
        )

    [145] => Array
        (
            [line] => 56
            [file] => /usr/share/glados/models/EventItem.php
            [message] => Method rules has no parent to inherit from in app\models\EventItem.
        )

    [146] => Array
        (
            [line] => 120
            [file] => /usr/share/glados/models/EventStream.php
            [message] => Method init has no parent to inherit from in app\models\EventStream.
        )

    [147] => Array
        (
            [file] => /usr/share/glados/models/EventStream.php
            [message] => broken link to \app\models\resumeTime in app\models\EventStream
        )

    [148] => Array
        (
            [file] => /usr/share/glados/models/EventStream.php
            [message] => broken link to \app\models\uuid in app\models\EventStream
        )

    [149] => Array
        (
            [file] => /usr/share/glados/models/EventStream.php
            [message] => broken link to \app\models\_resumeTime in app\models\EventStream
        )

    [150] => Array
        (
            [file] => /usr/share/glados/models/EventStream.php
            [message] => broken link to \app\models\_lastEvent in app\models\EventStream
        )

    [151] => Array
        (
            [file] => /usr/share/glados/models/EventStream.php
            [message] => broken link to \app\models\stream_select() in app\models\EventStream
        )

    [152] => Array
        (
            [file] => /usr/share/glados/models/EventStream.php
            [message] => broken link to \app\models\id in app\models\EventStream
        )

    [153] => Array
        (
            [file] => /usr/share/glados/models/EventStream.php
            [message] => broken link to \app\models\resumeTime in app\models\EventStream
        )

    [154] => Array
        (
            [file] => /usr/share/glados/models/EventStream.php
            [message] => broken link to \app\models\uuid in app\models\EventStream
        )

    [155] => Array
        (
            [line] => 44
            [file] => /usr/share/glados/models/Exam.php
            [message] => Method tableName has no parent to inherit from in app\models\Exam.
        )

    [156] => Array
        (
            [line] => 52
            [file] => /usr/share/glados/models/Exam.php
            [message] => Method init has no parent to inherit from in app\models\Exam.
        )

    [157] => Array
        (
            [line] => 78
            [file] => /usr/share/glados/models/Exam.php
            [message] => Method rules has no parent to inherit from in app\models\Exam.
        )

    [158] => Array
        (
            [line] => 95
            [file] => /usr/share/glados/models/Exam.php
            [message] => Method attributeLabels has no parent to inherit from in app\models\Exam.
        )

    [159] => Array
        (
            [line] => 137
            [file] => /usr/share/glados/models/Exam.php
            [message] => Method attributeHints has no parent to inherit from in app\models\Exam.
        )

    [160] => Array
        (
            [line] => 197
            [file] => /usr/share/glados/models/Exam.php
            [message] => Method delete has no parent to inherit from in app\models\Exam.
        )

    [161] => Array
        (
            [line] => 435
            [file] => /usr/share/glados/models/Exam.php
            [message] => Method find has no parent to inherit from in app\models\Exam.
        )

    [162] => Array
        (
            [line] => 44
            [file] => /usr/share/glados/models/Exam.php
            [message] => Method tableName has no parent to inherit from in app\models\Exam.
        )

    [163] => Array
        (
            [line] => 52
            [file] => /usr/share/glados/models/Exam.php
            [message] => Method init has no parent to inherit from in app\models\Exam.
        )

    [164] => Array
        (
            [line] => 78
            [file] => /usr/share/glados/models/Exam.php
            [message] => Method rules has no parent to inherit from in app\models\Exam.
        )

    [165] => Array
        (
            [line] => 95
            [file] => /usr/share/glados/models/Exam.php
            [message] => Method attributeLabels has no parent to inherit from in app\models\Exam.
        )

    [166] => Array
        (
            [line] => 137
            [file] => /usr/share/glados/models/Exam.php
            [message] => Method attributeHints has no parent to inherit from in app\models\Exam.
        )

    [167] => Array
        (
            [line] => 197
            [file] => /usr/share/glados/models/Exam.php
            [message] => Method delete has no parent to inherit from in app\models\Exam.
        )

    [168] => Array
        (
            [line] => 435
            [file] => /usr/share/glados/models/Exam.php
            [message] => Method find has no parent to inherit from in app\models\Exam.
        )

    [169] => Array
        (
            [line] => 27
            [file] => /usr/share/glados/models/ExamQuery.php
            [message] => Method all has no parent to inherit from in app\models\ExamQuery.
        )

    [170] => Array
        (
            [line] => 36
            [file] => /usr/share/glados/models/ExamQuery.php
            [message] => Method one has no parent to inherit from in app\models\ExamQuery.
        )

    [171] => Array
        (
            [line] => 32
            [file] => /usr/share/glados/models/ExamSearch.php
            [message] => Method scenarios has no parent to inherit from in app\models\ExamSearch.
        )

    [172] => Array
        (
            [line] => 19
            [file] => /usr/share/glados/models/HowtoSearch.php
            [message] => Method scenarios has no parent to inherit from in app\models\HowtoSearch.
        )

    [173] => Array
        (
            [line] => 21
            [file] => /usr/share/glados/models/LiveActiveRecord.php
            [message] => Method init has no parent to inherit from in app\models\LiveActiveRecord.
        )

    [174] => Array
        (
            [line] => 21
            [file] => /usr/share/glados/models/LiveActiveRecord.php
            [message] => Method init has no parent to inherit from in app\models\LiveActiveRecord.
        )

    [175] => Array
        (
            [line] => 21
            [file] => /usr/share/glados/models/LiveActiveRecord.php
            [message] => Method init has no parent to inherit from in app\models\LiveActiveRecord.
        )

    [176] => Array
        (
            [line] => 26
            [file] => /usr/share/glados/models/Restore.php
            [message] => Method tableName has no parent to inherit from in app\models\Restore.
        )

    [177] => Array
        (
            [line] => 34
            [file] => /usr/share/glados/models/Restore.php
            [message] => Method rules has no parent to inherit from in app\models\Restore.
        )

    [178] => Array
        (
            [line] => 48
            [file] => /usr/share/glados/models/Restore.php
            [message] => Method attributeLabels has no parent to inherit from in app\models\Restore.
        )

    [179] => Array
        (
            [line] => 26
            [file] => /usr/share/glados/models/Restore.php
            [message] => Method tableName has no parent to inherit from in app\models\Restore.
        )

    [180] => Array
        (
            [line] => 34
            [file] => /usr/share/glados/models/Restore.php
            [message] => Method rules has no parent to inherit from in app\models\Restore.
        )

    [181] => Array
        (
            [line] => 48
            [file] => /usr/share/glados/models/Restore.php
            [message] => Method attributeLabels has no parent to inherit from in app\models\Restore.
        )

    [182] => Array
        (
            [line] => 29
            [file] => /usr/share/glados/models/RestoreSearch.php
            [message] => Method scenarios has no parent to inherit from in app\models\RestoreSearch.
        )

    [183] => Array
        (
            [line] => 88
            [file] => /usr/share/glados/models/Result.php
            [message] => Method attributeHints has no parent to inherit from in app\models\Result.
        )

    [184] => Array
        (
            [line] => 19
            [file] => /usr/share/glados/models/ScreenshotSearch.php
            [message] => Method scenarios has no parent to inherit from in app\models\ScreenshotSearch.
        )

    [185] => Array
        (
            [line] => 69
            [file] => /usr/share/glados/models/Stats.php
            [message] => Undefined parameter documented:  in get().
        )

    [186] => Array
        (
            [line] => 69
            [file] => /usr/share/glados/models/Stats.php
            [message] => Undefined parameter documented:  in get().
        )

    [187] => Array
        (
            [line] => 96
            [file] => /usr/share/glados/models/Stats.php
            [message] => Undefined parameter documented:  in set().
        )

    [188] => Array
        (
            [line] => 96
            [file] => /usr/share/glados/models/Stats.php
            [message] => Undefined parameter documented:  in set().
        )

    [189] => Array
        (
            [line] => 96
            [file] => /usr/share/glados/models/Stats.php
            [message] => Undefined parameter documented:  in set().
        )

    [190] => Array
        (
            [line] => 117
            [file] => /usr/share/glados/models/Stats.php
            [message] => Undefined parameter documented:  in increment().
        )

    [191] => Array
        (
            [line] => 117
            [file] => /usr/share/glados/models/Stats.php
            [message] => Undefined parameter documented:  in increment().
        )

    [192] => Array
        (
            [line] => 129
            [file] => /usr/share/glados/models/Stats.php
            [message] => Undefined parameter documented:  in findByKey().
        )

    [193] => Array
        (
            [line] => 22
            [file] => /usr/share/glados/models/Stats.php
            [message] => Method tableName has no parent to inherit from in app\models\Stats.
        )

    [194] => Array
        (
            [line] => 30
            [file] => /usr/share/glados/models/Stats.php
            [message] => Method rules has no parent to inherit from in app\models\Stats.
        )

    [195] => Array
        (
            [line] => 40
            [file] => /usr/share/glados/models/Stats.php
            [message] => Method attributeLabels has no parent to inherit from in app\models\Stats.
        )

    [196] => Array
        (
            [line] => 53
            [file] => /usr/share/glados/models/Stats.php
            [message] => Method attributeHints has no parent to inherit from in app\models\Stats.
        )

    [197] => Array
        (
            [line] => 115
            [file] => /usr/share/glados/models/Ticket.php
            [message] => Method tableName has no parent to inherit from in app\models\Ticket.
        )

    [198] => Array
        (
            [line] => 123
            [file] => /usr/share/glados/models/Ticket.php
            [message] => Method getTranslatedFields has no parent to inherit from in app\models\Ticket.
        )

    [199] => Array
        (
            [line] => 163
            [file] => /usr/share/glados/models/Ticket.php
            [message] => Method rules has no parent to inherit from in app\models\Ticket.
        )

    [200] => Array
        (
            [line] => 186
            [file] => /usr/share/glados/models/Ticket.php
            [message] => Method attributeLabels has no parent to inherit from in app\models\Ticket.
        )

    [201] => Array
        (
            [line] => 218
            [file] => /usr/share/glados/models/Ticket.php
            [message] => Method attributeHints has no parent to inherit from in app\models\Ticket.
        )

    [202] => Array
        (
            [line] => 682
            [file] => /usr/share/glados/models/Ticket.php
            [message] => Method find has no parent to inherit from in app\models\Ticket.
        )

    [203] => Array
        (
            [line] => 115
            [file] => /usr/share/glados/models/Ticket.php
            [message] => Method tableName has no parent to inherit from in app\models\Ticket.
        )

    [204] => Array
        (
            [line] => 123
            [file] => /usr/share/glados/models/Ticket.php
            [message] => Method getTranslatedFields has no parent to inherit from in app\models\Ticket.
        )

    [205] => Array
        (
            [line] => 163
            [file] => /usr/share/glados/models/Ticket.php
            [message] => Method rules has no parent to inherit from in app\models\Ticket.
        )

    [206] => Array
        (
            [line] => 186
            [file] => /usr/share/glados/models/Ticket.php
            [message] => Method attributeLabels has no parent to inherit from in app\models\Ticket.
        )

    [207] => Array
        (
            [line] => 218
            [file] => /usr/share/glados/models/Ticket.php
            [message] => Method attributeHints has no parent to inherit from in app\models\Ticket.
        )

    [208] => Array
        (
            [line] => 682
            [file] => /usr/share/glados/models/Ticket.php
            [message] => Method find has no parent to inherit from in app\models\Ticket.
        )

    [209] => Array
        (
            [file] => /usr/share/glados/models/Ticket.php
            [message] => broken link to \app\models\ticket in app\models\Ticket
        )

    [210] => Array
        (
            [line] => 38
            [file] => /usr/share/glados/models/TicketQuery.php
            [message] => Method all has no parent to inherit from in app\models\TicketQuery.
        )

    [211] => Array
        (
            [line] => 47
            [file] => /usr/share/glados/models/TicketQuery.php
            [message] => Method one has no parent to inherit from in app\models\TicketQuery.
        )

    [212] => Array
        (
            [line] => 49
            [file] => /usr/share/glados/models/TicketSearch.php
            [message] => Method scenarios has no parent to inherit from in app\models\TicketSearch.
        )

    [213] => Array
        (
            [line] => 15
            [file] => /usr/share/glados/models/TranslatedActivityQuery.php
            [message] => Method init has no parent to inherit from in app\models\TranslatedActivityQuery.
        )

    [214] => Array
        (
            [line] => 21
            [file] => /usr/share/glados/models/Translation.php
            [message] => Method tableName has no parent to inherit from in app\models\Translation.
        )

    [215] => Array
        (
            [line] => 48
            [file] => /usr/share/glados/models/User.php
            [message] => Method init has no parent to inherit from in app\models\User.
        )

    [216] => Array
        (
            [line] => 61
            [file] => /usr/share/glados/models/User.php
            [message] => Method tableName has no parent to inherit from in app\models\User.
        )

    [217] => Array
        (
            [line] => 69
            [file] => /usr/share/glados/models/User.php
            [message] => Method scenarios has no parent to inherit from in app\models\User.
        )

    [218] => Array
        (
            [line] => 82
            [file] => /usr/share/glados/models/User.php
            [message] => Method rules has no parent to inherit from in app\models\User.
        )

    [219] => Array
        (
            [line] => 101
            [file] => /usr/share/glados/models/User.php
            [message] => Method attributeLabels has no parent to inherit from in app\models\User.
        )

    [220] => Array
        (
            [line] => 118
            [file] => /usr/share/glados/models/User.php
            [message] => Method beforeDelete has no parent to inherit from in app\models\User.
        )

    [221] => Array
        (
            [line] => 199
            [file] => /usr/share/glados/models/User.php
            [message] => Method findIdentity has no parent to inherit from in app\models\User.
        )

    [222] => Array
        (
            [line] => 207
            [file] => /usr/share/glados/models/User.php
            [message] => Method findIdentityByAccessToken has no parent to inherit from in app\models\User.
        )

    [223] => Array
        (
            [line] => 226
            [file] => /usr/share/glados/models/User.php
            [message] => Method getId has no parent to inherit from in app\models\User.
        )

    [224] => Array
        (
            [line] => 234
            [file] => /usr/share/glados/models/User.php
            [message] => Method getAuthKey has no parent to inherit from in app\models\User.
        )

    [225] => Array
        (
            [line] => 242
            [file] => /usr/share/glados/models/User.php
            [message] => Method validateAuthKey has no parent to inherit from in app\models\User.
        )

    [226] => Array
        (
            [line] => 269
            [file] => /usr/share/glados/models/User.php
            [message] => Method beforeSave has no parent to inherit from in app\models\User.
        )

    [227] => Array
        (
            [line] => 318
            [file] => /usr/share/glados/models/User.php
            [message] => Method afterSave has no parent to inherit from in app\models\User.
        )

    [228] => Array
        (
            [line] => 48
            [file] => /usr/share/glados/models/User.php
            [message] => Method init has no parent to inherit from in app\models\User.
        )

    [229] => Array
        (
            [line] => 61
            [file] => /usr/share/glados/models/User.php
            [message] => Method tableName has no parent to inherit from in app\models\User.
        )

    [230] => Array
        (
            [line] => 69
            [file] => /usr/share/glados/models/User.php
            [message] => Method scenarios has no parent to inherit from in app\models\User.
        )

    [231] => Array
        (
            [line] => 82
            [file] => /usr/share/glados/models/User.php
            [message] => Method rules has no parent to inherit from in app\models\User.
        )

    [232] => Array
        (
            [line] => 101
            [file] => /usr/share/glados/models/User.php
            [message] => Method attributeLabels has no parent to inherit from in app\models\User.
        )

    [233] => Array
        (
            [line] => 118
            [file] => /usr/share/glados/models/User.php
            [message] => Method beforeDelete has no parent to inherit from in app\models\User.
        )

    [234] => Array
        (
            [line] => 199
            [file] => /usr/share/glados/models/User.php
            [message] => Method findIdentity has no parent to inherit from in app\models\User.
        )

    [235] => Array
        (
            [line] => 207
            [file] => /usr/share/glados/models/User.php
            [message] => Method findIdentityByAccessToken has no parent to inherit from in app\models\User.
        )

    [236] => Array
        (
            [line] => 226
            [file] => /usr/share/glados/models/User.php
            [message] => Method getId has no parent to inherit from in app\models\User.
        )

    [237] => Array
        (
            [line] => 234
            [file] => /usr/share/glados/models/User.php
            [message] => Method getAuthKey has no parent to inherit from in app\models\User.
        )

    [238] => Array
        (
            [line] => 242
            [file] => /usr/share/glados/models/User.php
            [message] => Method validateAuthKey has no parent to inherit from in app\models\User.
        )

    [239] => Array
        (
            [line] => 269
            [file] => /usr/share/glados/models/User.php
            [message] => Method beforeSave has no parent to inherit from in app\models\User.
        )

    [240] => Array
        (
            [line] => 318
            [file] => /usr/share/glados/models/User.php
            [message] => Method afterSave has no parent to inherit from in app\models\User.
        )

    [241] => Array
        (
            [line] => 48
            [file] => /usr/share/glados/models/User.php
            [message] => Method init has no parent to inherit from in app\models\User.
        )

    [242] => Array
        (
            [line] => 61
            [file] => /usr/share/glados/models/User.php
            [message] => Method tableName has no parent to inherit from in app\models\User.
        )

    [243] => Array
        (
            [line] => 69
            [file] => /usr/share/glados/models/User.php
            [message] => Method scenarios has no parent to inherit from in app\models\User.
        )

    [244] => Array
        (
            [line] => 82
            [file] => /usr/share/glados/models/User.php
            [message] => Method rules has no parent to inherit from in app\models\User.
        )

    [245] => Array
        (
            [line] => 101
            [file] => /usr/share/glados/models/User.php
            [message] => Method attributeLabels has no parent to inherit from in app\models\User.
        )

    [246] => Array
        (
            [line] => 118
            [file] => /usr/share/glados/models/User.php
            [message] => Method beforeDelete has no parent to inherit from in app\models\User.
        )

    [247] => Array
        (
            [line] => 199
            [file] => /usr/share/glados/models/User.php
            [message] => Method findIdentity has no parent to inherit from in app\models\User.
        )

    [248] => Array
        (
            [line] => 207
            [file] => /usr/share/glados/models/User.php
            [message] => Method findIdentityByAccessToken has no parent to inherit from in app\models\User.
        )

    [249] => Array
        (
            [line] => 226
            [file] => /usr/share/glados/models/User.php
            [message] => Method getId has no parent to inherit from in app\models\User.
        )

    [250] => Array
        (
            [line] => 234
            [file] => /usr/share/glados/models/User.php
            [message] => Method getAuthKey has no parent to inherit from in app\models\User.
        )

    [251] => Array
        (
            [line] => 242
            [file] => /usr/share/glados/models/User.php
            [message] => Method validateAuthKey has no parent to inherit from in app\models\User.
        )

    [252] => Array
        (
            [line] => 269
            [file] => /usr/share/glados/models/User.php
            [message] => Method beforeSave has no parent to inherit from in app\models\User.
        )

    [253] => Array
        (
            [line] => 318
            [file] => /usr/share/glados/models/User.php
            [message] => Method afterSave has no parent to inherit from in app\models\User.
        )

)
